<area shape="rect" id="node1" href="table-RHNKICKSTARTSESSION.html#t-fk" title="RHNKICKSTARTSESSION" alt="" coords="329,201,516,231">
<area shape="rect" id="node2" href="table-WEB_CUSTOMER.html#t-fk" title="WEB_CUSTOMER" alt="" coords="75,41,211,71">
<area shape="rect" id="node3" href="table-RHNKICKSTARTABLETREE.html#t-fk" title="RHNKICKSTARTABLETREE" alt="" coords="44,95,241,124">
<area shape="rect" id="node4" href="table-RHNSERVER.html#t-fk" title="RHNSERVER" alt="" coords="89,148,196,177">
<area shape="rect" id="node5" href="table-RHNKSDATA.html#t-fk" title="RHNKSDATA" alt="" coords="89,201,196,231">
<area shape="rect" id="node6" href="table-RHNSERVERPROFILE.html#t-fk" title="RHNSERVERPROFILE" alt="" coords="60,255,225,284">
<area shape="rect" id="node7" href="table-RHNKICKSTARTSESSIONSTATE.html#t-fk" title="RHNKICKSTARTSESSIONSTATE" alt="" coords="28,308,257,337">
<area shape="rect" id="node8" href="table-RHNKICKSTARTVIRTUALIZATIONTYPE.html#t-fk" title="RHNKICKSTARTVIRTUALIZATIONTYPE" alt="" coords="7,361,279,391">
<area shape="rect" id="node9" href="table-RHNACTION.html#t-fk" title="RHNACTION" alt="" coords="92,415,193,444">
<area shape="rect" id="node10" href="table-WEB_CONTACT.html#t-fk" title="WEB_CONTACT" alt="" coords="80,468,205,497">
