<area shape="rect" href="table-RHNKICKSTARTSESSION.html#t-fk" title="RHNKICKSTARTSESSION" alt="" coords="323,191,507,217">
<area shape="rect" href="table-WEB_CUSTOMER.html#t-fk" title="WEB_CUSTOMER" alt="" coords="72,39,208,65">
<area shape="rect" href="table-RHNKICKSTARTABLETREE.html#t-fk" title="RHNKICKSTARTABLETREE" alt="" coords="43,89,237,116">
<area shape="rect" href="table-RHNSERVER.html#t-fk" title="RHNSERVER" alt="" coords="88,140,192,167">
<area shape="rect" href="table-RHNKSDATA.html#t-fk" title="RHNKSDATA" alt="" coords="88,191,192,217">
<area shape="rect" href="table-RHNSERVERPROFILE.html#t-fk" title="RHNSERVERPROFILE" alt="" coords="59,241,221,268">
<area shape="rect" href="table-RHNKICKSTARTSESSIONSTATE.html#t-fk" title="RHNKICKSTARTSESSIONSTATE" alt="" coords="27,292,253,319">
<area shape="rect" href="table-RHNKICKSTARTVIRTUALIZATIONTYPE.html#t-fk" title="RHNKICKSTARTVIRTUALIZATIONTYPE" alt="" coords="5,343,275,369">
<area shape="rect" href="table-RHNACTION.html#t-fk" title="RHNACTION" alt="" coords="91,393,189,420">
<area shape="rect" href="table-WEB_CONTACT.html#t-fk" title="WEB_CONTACT" alt="" coords="79,444,201,471">
