<area shape="rect" href="table&#45;RHNKICKSTARTSESSION.html#t&#45;fk" title="RHNKICKSTARTSESSION" alt="" coords="323,191,504,217">
<area shape="rect" href="table&#45;WEB_CUSTOMER.html#t&#45;fk" title="WEB_CUSTOMER" alt="" coords="72,39,208,65">
<area shape="rect" href="table&#45;RHNKICKSTARTABLETREE.html#t&#45;fk" title="RHNKICKSTARTABLETREE" alt="" coords="44,89,236,116">
<area shape="rect" href="table&#45;RHNSERVER.html#t&#45;fk" title="RHNSERVER" alt="" coords="88,140,192,167">
<area shape="rect" href="table&#45;RHNKSDATA.html#t&#45;fk" title="RHNKSDATA" alt="" coords="91,191,189,217">
<area shape="rect" href="table&#45;RHNSERVERPROFILE.html#t&#45;fk" title="RHNSERVERPROFILE" alt="" coords="59,241,221,268">
<area shape="rect" href="table&#45;RHNKICKSTARTSESSIONSTATE.html#t&#45;fk" title="RHNKICKSTARTSESSIONSTATE" alt="" coords="29,292,251,319">
<area shape="rect" href="table&#45;RHNKICKSTARTVIRTUALIZATIONTYPE.html#t&#45;fk" title="RHNKICKSTARTVIRTUALIZATIONTYPE" alt="" coords="8,343,272,369">
<area shape="rect" href="table&#45;RHNACTION.html#t&#45;fk" title="RHNACTION" alt="" coords="89,393,191,420">
<area shape="rect" href="table&#45;WEB_CONTACT.html#t&#45;fk" title="WEB_CONTACT" alt="" coords="79,444,201,471">
