{
  "Msg" => {
    "Subject" => "Re: 34Mbit/s Netz",
    "Type" => "text/plain",
    "To" => "Juergen Specht <specht\@kulturbox.de>",
    "From" => "deuschle\@mnh.telekom.de (Guenter Deuschle)",
    "Encoding" => "quoted-printable",
    "Charset" => "iso-8859-1"
  },
  "Parser" => {
    "Message" => "testmsgs/german.msg",
    "ExtractNested" => 1,
    "OutputToCore" => "0",
    "Name" => "anonymous"
  }
}
