{
  "Msg" => {
    "Size" => 443,
    "Subject" => "Request for Leave",
    "Type" => "text/plain",
    "To" => "sitaram\@selsvr.stx.com",
    "From" => "eryq\@rhine.gsfc.nasa.gov",
    "Encoding" => "7bit"
  },
  "Parser" => {
    "Message" => "testmsgs/simple.msg",
    "ExtractNested" => 1,
    "OutputToCore" => "0",
    "Name" => "anonymous"
  }
}
